gcc -g p3final.c
îº§ gdb a.out
GNU gdb (Ubuntu 8.1.1-0ubuntu1) 8.1.1
Copyright (C) 2018 Free Software Foundation, Inc.
License GPLv3+: GNU GPL version 3 or later <http://gnu.org/licenses/gpl.html>
This is free software: you are free to change and redistribute it.
There is NO WARRANTY, to the extent permitted by law.  Type "show copying"
and "show warranty" for details.
This GDB was configured as "x86_64-linux-gnu".
Type "show configuration" for configuration details.
For bug reporting instructions, please see:
<http://www.gnu.org/software/gdb/bugs/>.
Find the GDB manual and other documentation resources online at:
---Type <return> to continue, or q <return> to quit---
<http://www.gnu.org/software/gdb/documentation/>.
For help, type "help".
Type "apropos word" to search for commands related to "word"...
Reading symbols from a.out...done.
(gdb) b main
Breakpoint 1 at 0x849: file p3final.c, line 30.
(gdb) r
Starting program: /home/runner/pps-IA1-practice-4/a.out 
warning: Error disabling address space randomization: Operation not permitted

Breakpoint 1, main () at p3final.c:30
30    n=input();
(gdb) s
input () at p3final.c:3
3   {
(gdb) n
5     printf("enter the no.\n");
(gdb) n
enter the no.
6     scanf(" %d",&x);
(gdb) n
4
7     return x;
(gdb) p x
$1 = 4
(gdb) n
8   }
(gdb) n
main () at p3final.c:31
31    sum=sum_n(n);
(gdb) s
sum_n (n=4) at p3final.c:11
11    int sum=0;
(gdb) n
12    for(int i=1;i<=n;i++)
(gdb) n
14      sum=sum+i;
(gdb) p n
$2 = 4
(gdb) p sum
$3 = 0
(gdb) n
12    for(int i=1;i<=n;i++)
(gdb) n
14      sum=sum+i;
(gdb) p sum
$4 = 1
(gdb) n
12    for(int i=1;i<=n;i++)
(gdb) n
14      sum=sum+i;
(gdb) p sum
$5 = 3
(gdb) n
12    for(int i=1;i<=n;i++)
(gdb) n
14      sum=sum+i;
(gdb) p sum
$6 = 6
(gdb) n
12    for(int i=1;i<=n;i++)
(gdb) n
16    return sum;
(gdb) p sum
$7 = 10
(gdb) n
17  }
(gdb) n
main () at p3final.c:32
32    output(n,sum);
(gdb) s
output (n=4, sum=10) at p3final.c:21
21    for(int i=1;i<n;i++)
(gdb) n
23    printf("%d+",i);
(gdb) p i
$8 = 1
(gdb) n
21    for(int i=1;i<n;i++)
(gdb) p i
$9 = 1
(gdb) n
23    printf("%d+",i);
(gdb) n
21    for(int i=1;i<n;i++)
(gdb) p i
$10 = 2
(gdb) n
23    printf("%d+",i);
(gdb) n
21    for(int i=1;i<n;i++)
(gdb) p i
$11 = 3
(gdb) n
25    printf("%d is %d\n",n,sum);
(gdb) n
1+2+3+4 is 10
26  }
(gdb) n
main () at p3final.c:33
33    return 0;
(gdb) n
34  }
(gdb) n
__libc_start_main (main=0x5581d3c00841 <main>, argc=1, 
    argv=0x7ffdc66a4ac8, init=<optimized out>, fini=<optimized out>, 
    rtld_fini=<optimized out>, stack_end=0x7ffdc66a4ab8)
    at ../csu/libc-start.c:344
344 ../csu/libc-start.c: No such file or directory.
(gdb) c
Continuing.
[Inferior 1 (process 174) exited normally]
(gdb) 